// Jest Snapshot v1, https://goo.gl/fbAQLP

exports[`icon组件测试 icon render successfully 1`] = `
<svg
  className="customer-icon"
>
  <use
    xlinkHref="#qq"
  />
</svg>
`;
